================================
Usage of 3-say_my_name.py
================================

# Importing the say_my_name function from the 3-say_my_name.py module
>>> say_my_name = __import__('3-say_my_name').say_my_name

# Test case 1: Valid names with both first and last name provided
>>> say_my_name("Steve", "Murimi")
My name is Steve Murimi

# Test case 2: Valid names with a space-separated last name
>>> say_my_name("Thierry Henry", "King I")
My name is Thierry Henry King I


# Test case 3: Invalid first name (integer)
>>> say_my_name(6, "Steve")
Traceback (most recent call last):
    ...
TypeError: first_name must be a string

# Test case 4: Invalid last name (list)
>>> say_my_name("LeBronz", ["Cavs", "Lakers", "Heat"])
Traceback (most recent call last):
    ...
TypeError: last_name must be a string

# Test case 4: Missing first name
>>> say_my_name()
Traceback (most recent call last):
    ...
TypeError: say_my_name() missing 1 required positional argument: 'first_name'
